Archive member included to satisfy reference by file (symbol)

boot/boot-armv7.a(boot-armv7.o)
                              (_start)
boot/boot-armv7.a(hardware_detect.armv7.o)
                              kernel_main.armv7.o (hardware_detect)
boot/boot-armv7.a(device_tree.armv7.o)
                              boot/boot-armv7.a(hardware_detect.armv7.o) (devicetree_setup)
interrupts/interrupts-armv7.a(interrupts.armv7.o)
                              kernel_main.armv7.o (platform_irq_enable)
interrupts/interrupts-armv7.a(irq_handler.armv7.o)
                              boot/boot-armv7.a(boot-armv7.o) (interrupt_handler)
interrupts/interrupts-armv7.a(gic-400.armv7.o)
                              interrupts/interrupts-armv7.a(interrupts.armv7.o) (gic400_init)
syscalls/syscalls-armv7.a(swi_handler.armv7.o)
                              boot/boot-armv7.a(boot-armv7.o) (swi_handler)
syscalls/syscalls-armv7.a(syscalls.armv7.o)
                              syscalls/syscalls-armv7.a(swi_handler.armv7.o) (swi_handler_c)
syscalls/syscalls-armv7.a(exit.armv7.o)
                              syscalls/syscalls-armv7.a(syscalls.armv7.o) (exit)
syscalls/syscalls-armv7.a(nanosleep.armv7.o)
                              syscalls/syscalls-armv7.a(syscalls.armv7.o) (nanosleep)
syscalls/syscalls-armv7.a(sysinfo.armv7.o)
                              syscalls/syscalls-armv7.a(syscalls.armv7.o) (sysinfo)
syscalls/syscalls-armv7.a(times.armv7.o)
                              syscalls/syscalls-armv7.a(syscalls.armv7.o) (times)
syscalls/syscalls-armv7.a(uname.armv7.o)
                              syscalls/syscalls-armv7.a(syscalls.armv7.o) (uname)
fs/files.armv7.o              syscalls/syscalls-armv7.a(syscalls.armv7.o) (close)
fs/romfs/romfs-armv7.a(romfs.armv7.o)
                              fs/files.armv7.o (romfs_stat)
drivers/drivers.armv7.o       kernel_main.armv7.o (drivers_init_all)
drivers/bcm2835/bcm2835.armv7.a(bcm2835_io.armv7.o)
                              interrupts/interrupts-armv7.a(interrupts.armv7.o) (bcm2835_write)
drivers/block/block.armv7.a(ramdisk.armv7.o)
                              fs/romfs/romfs-armv7.a(romfs.armv7.o) (ramdisk_read)
drivers/console/console.armv7.a(console_io.armv7.o)
                              fs/files.armv7.o (console_write)
drivers/led/led.armv7.a(led.armv7.o)
                              drivers/drivers.armv7.o (led_init)
drivers/serial/serial.armv7.a(serial.armv7.o)
                              kernel_main.armv7.o (serial_init)
drivers/timer/timer.armv7.a(sp804_timer.armv7.o)
                              drivers/drivers.armv7.o (timer_init)
drivers/i2c/i2c.armv7.a(i2c.armv7.o)
                              kernel_main.armv7.o (i2c_init)
drivers/gpio/gpio.armv7.a(gpio.armv7.o)
                              drivers/led/led.armv7.a(led.armv7.o) (gpio_request)
drivers/serial/serial.armv7.a(pl011_uart.armv7.o)
                              drivers/serial/serial.armv7.a(serial.armv7.o) (pl011_uart_init)
drivers/serial/serial.armv7.a(mini_uart.armv7.o)
                              drivers/serial/serial.armv7.a(serial.armv7.o) (mini_uart_init)
memory/memory-armv7.a(memory.armv7.o)
                              syscalls/syscalls-armv7.a(sysinfo.armv7.o) (memory_total_free)
memory/memory-armv7.a(armv7-mmu.o)
                              memory/memory-armv7.a(memory.armv7.o) (enable_mmu)
processes/processes-armv7.a(process.armv7.o)
                              syscalls/syscalls-armv7.a(sysinfo.armv7.o) (process_get_totals)
processes/processes-armv7.a(exec.armv7.o)
                              syscalls/syscalls-armv7.a(syscalls.armv7.o) (execve)
processes/processes-armv7.a(idle_task.armv7.o)
                              kernel_main.armv7.o (create_idle_task)
processes/processes-armv7.a(scheduler.armv7.o)
                              interrupts/interrupts-armv7.a(interrupts.armv7.o) (schedule)
processes/processes-armv7.a(userspace.armv7.o)
                              processes/processes-armv7.a(idle_task.armv7.o) (enter_userspace)
processes/processes-armv7.a(vfork.armv7.o)
                              syscalls/syscalls-armv7.a(syscalls.armv7.o) (vfork)
processes/processes-armv7.a(waitpid.armv7.o)
                              syscalls/syscalls-armv7.a(exit.armv7.o) (waitpid_done)
processes/processes-armv7.a(waitqueue.armv7.o)
                              drivers/console/console.armv7.a(console_io.armv7.o) (wait_queue_add)
debug/debug-armv7.a(panic.armv7.o)
                              drivers/console/console.armv7.a(console_io.armv7.o) (dump_saved_user_state)
time/time-armv7.a(time.armv7.o)
                              syscalls/syscalls-armv7.a(syscalls.armv7.o) (time_since_boot)
lib/lib-armv7.a(memcpy.armv7.o)
                              boot/boot-armv7.a(device_tree.armv7.o) (memcpy)
lib/lib-armv7.a(memset.armv7.o)
                              syscalls/syscalls-armv7.a(sysinfo.armv7.o) (memset)
lib/lib-armv7.a(printk.armv7.o)
                              kernel_main.armv7.o (printk)
lib/lib-armv7.a(string.armv7.o)
                              boot/boot-armv7.a(device_tree.armv7.o) (strncmp)

Memory Configuration

Name             Origin             Length             Attributes
*default*        0x0000000000000000 0xffffffffffffffff

Linker script and memory map

                0x0000000000008000                . = 0x8000
                0x0000000000008000                __start = .
                0x0000000000008000                __text_start = .

.text           0x0000000000008000     0x5080
 *(.text.boot)
 .text.boot     0x0000000000008000       0xf4 boot/boot-armv7.a(boot-armv7.o)
                0x0000000000008000                _start
 *(.text)
 .text          0x00000000000080f4       0xe8 kernel_main.armv7.o
                0x00000000000080f4                kernel_main
 .text          0x00000000000081dc        0x0 boot/boot-armv7.a(boot-armv7.o)
 .text          0x00000000000081dc      0x6b0 boot/boot-armv7.a(hardware_detect.armv7.o)
                0x00000000000081dc                hardware_detect
                0x00000000000084ec                hardware_print_model
                0x00000000000086ec                hardware_print_commandline
                0x0000000000008740                hardware_get_type
                0x0000000000008750                hardware_get_memory
                0x00000000000087a0                hardware_setup_vars
 .text          0x000000000000888c      0x9e8 boot/boot-armv7.a(device_tree.armv7.o)
                0x0000000000008c08                devicetree_setup
                0x0000000000008cc8                devicetree_find_reserved
                0x0000000000008e28                devicetree_find_string
                0x0000000000008e90                devicetree_find_int
                0x0000000000008eac                devicetree_find_int64
                0x0000000000008f1c                devicetree_get_memory
 .text          0x0000000000009274      0x248 interrupts/interrupts-armv7.a(interrupts.armv7.o)
                0x0000000000009274                platform_irq_enable
                0x00000000000092b4                irq_enable
                0x000000000000931c                irq_disable
                0x0000000000009384                interrupt_handler_c
                0x0000000000009474                fiq_handler
                0x000000000000948c                abort_handler
                0x00000000000094a4                undef_handler
 .text          0x00000000000094bc       0x40 interrupts/interrupts-armv7.a(irq_handler.armv7.o)
                0x00000000000094bc                interrupt_handler
 .text          0x00000000000094fc      0x138 interrupts/interrupts-armv7.a(gic-400.armv7.o)
                0x00000000000094fc                gic400_init
 .text          0x0000000000009634       0x40 syscalls/syscalls-armv7.a(swi_handler.armv7.o)
                0x0000000000009634                swi_handler
 .text          0x0000000000009674      0x470 syscalls/syscalls-armv7.a(syscalls.armv7.o)
                0x0000000000009674                swi_handler_c
 .text          0x0000000000009ae4       0x28 syscalls/syscalls-armv7.a(exit.armv7.o)
                0x0000000000009ae4                exit
 .text          0x0000000000009b0c       0x5c syscalls/syscalls-armv7.a(nanosleep.armv7.o)
                0x0000000000009b0c                nanosleep
 .text          0x0000000000009b68       0x7c syscalls/syscalls-armv7.a(sysinfo.armv7.o)
                0x0000000000009b68                sysinfo
 .text          0x0000000000009be4       0x2c syscalls/syscalls-armv7.a(times.armv7.o)
                0x0000000000009be4                times
 .text          0x0000000000009c10       0x88 syscalls/syscalls-armv7.a(uname.armv7.o)
                0x0000000000009c10                uname
 .text          0x0000000000009c98      0x3d8 fs/files.armv7.o
                0x0000000000009c98                fd_free
                0x0000000000009ca0                fd_allocate
                0x0000000000009cf8                get_inode
                0x0000000000009dc4                close
                0x0000000000009dcc                open
                0x0000000000009dec                read
                0x0000000000009e7c                write
                0x0000000000009eb4                stat
                0x0000000000009edc                mount
                0x0000000000009f24                fd_table_init
                0x0000000000009f58                getdents
                0x0000000000009fc8                chdir
                0x000000000000a028                getcwd
 .text          0x000000000000a070      0x588 fs/romfs/romfs-armv7.a(romfs.armv7.o)
                0x000000000000a070                romfs_stat
                0x000000000000a1b0                romfs_get_inode
                0x000000000000a2e0                romfs_mount
                0x000000000000a3b4                romfs_statfs
                0x000000000000a3bc                romfs_read_file
                0x000000000000a440                romfs_getdents
 .text          0x000000000000a5f8       0x14 drivers/drivers.armv7.o
                0x000000000000a5f8                drivers_init_all
 .text          0x000000000000a60c       0x30 drivers/bcm2835/bcm2835.armv7.a(bcm2835_io.armv7.o)
                0x000000000000a60c                bcm2835_write
                0x000000000000a624                bcm2835_read
 .text          0x000000000000a63c       0x88 drivers/block/block.armv7.a(ramdisk.armv7.o)
                0x000000000000a63c                ramdisk_read
                0x000000000000a694                ramdisk_init
 .text          0x000000000000a6c4      0x138 drivers/console/console.armv7.a(console_io.armv7.o)
                0x000000000000a6c4                console_insert_char
                0x000000000000a750                console_write
                0x000000000000a754                console_read
 .text          0x000000000000a7fc      0x16c drivers/led/led.armv7.a(led.armv7.o)
                0x000000000000a7fc                led_init
                0x000000000000a8e4                led_on
                0x000000000000a928                led_off
 .text          0x000000000000a968       0xe4 drivers/serial/serial.armv7.a(serial.armv7.o)
                0x000000000000a968                serial_init
                0x000000000000a9c4                serial_write
                0x000000000000aa2c                serial_interrupt_handler
                0x000000000000aa3c                serial_enable_interrupts
 .text          0x000000000000aa4c      0x124 drivers/timer/timer.armv7.a(sp804_timer.armv7.o)
                0x000000000000aa4c                timer_init
                0x000000000000aa9c                timer_interrupt_handler
                0x000000000000ab38                timer_sleep_until
 .text          0x000000000000ab70      0x2d0 drivers/i2c/i2c.armv7.a(i2c.armv7.o)
                0x000000000000ab70                i2c_init
                0x000000000000abf8                i2c_write_blocking
                0x000000000000acac                i2c_read_blocking
 .text          0x000000000000ae40      0x3d0 drivers/gpio/gpio.armv7.a(gpio.armv7.o)
                0x000000000000ae40                gpio_request
                0x000000000000aee0                gpio_free
                0x000000000000af4c                gpio_direction_input
                0x000000000000afc4                gpio_direction_output
                0x000000000000b040                gpio_to_irq
                0x000000000000b048                gpio_get_value
                0x000000000000b0a8                gpio_set_value
                0x000000000000b148                gpio_set_falling
                0x000000000000b1b4                gpio_clear_interrupt
 .text          0x000000000000b210      0x440 drivers/serial/serial.armv7.a(pl011_uart.armv7.o)
                0x000000000000b210                pl011_uart_putc
                0x000000000000b244                pl011_uart_getc
                0x000000000000b270                pl011_uart_getc_noblock
                0x000000000000b2a4                pl011_uart_enable_interrupts
                0x000000000000b328                pl011_uart_interrupt_handler
                0x000000000000b37c                pl011_uart_init
                0x000000000000b4e0                pl011_uart_putc_extra
                0x000000000000b514                pl011_write
                0x000000000000b56c                old_pl011_uart_init
 .text          0x000000000000b650      0x2b0 drivers/serial/serial.armv7.a(mini_uart.armv7.o)
                0x000000000000b650                mini_uart_putc
                0x000000000000b684                mini_uart_getc
                0x000000000000b6b0                mini_uart_getc_noblock
                0x000000000000b6e4                mini_uart_enable_interrupts
                0x000000000000b768                mini_uart_interrupt_handler
                0x000000000000b7bc                mini_uart_init
 .text          0x000000000000b900      0x36c memory/memory-armv7.a(memory.armv7.o)
                0x000000000000b900                memory_total_free
                0x000000000000b954                memory_allocate
                0x000000000000ba90                memory_free
                0x000000000000bb14                memory_get_total
                0x000000000000bb24                memory_hierarchy_init
 .text          0x000000000000bc6c       0x20 memory/memory-armv7.a(armv7-mmu.o)
                0x000000000000bc6c                enable_mmu
                0x000000000000bc70                enable_l1_dcache
                0x000000000000bc74                disable_l1_dcache
                0x000000000000bc78                enable_l1_icache
                0x000000000000bc7c                disable_l1_icache
                0x000000000000bc80                enable_branch_predictor
                0x000000000000bc84                disable_branch_predictor
                0x000000000000bc88                l1_cache_detect
 .text          0x000000000000bc8c      0x2b4 processes/processes-armv7.a(process.armv7.o)
                0x000000000000bc8c                process_get_totals
                0x000000000000bccc                process_lookup
                0x000000000000bd00                process_lookup_child
                0x000000000000bd3c                process_create
                0x000000000000be0c                process_destroy
                0x000000000000bed8                process_save
                0x000000000000befc                process_switch
 .text          0x000000000000bf40      0x1f4 processes/processes-armv7.a(exec.armv7.o)
                0x000000000000bf40                execve
 .text          0x000000000000c134       0x90 processes/processes-armv7.a(idle_task.armv7.o)
                0x000000000000c13c                create_idle_task
 .text          0x000000000000c1c4       0xc0 processes/processes-armv7.a(scheduler.armv7.o)
                0x000000000000c1c4                schedule
                0x000000000000c274                sched_yield
 .text          0x000000000000c284       0xd0 processes/processes-armv7.a(userspace.armv7.o)
                0x000000000000c284                enter_userspace
                0x000000000000c2b4                start_userspace
 .text          0x000000000000c354       0xa4 processes/processes-armv7.a(vfork.armv7.o)
                0x000000000000c354                vfork
 .text          0x000000000000c3f8       0xf4 processes/processes-armv7.a(waitpid.armv7.o)
                0x000000000000c3f8                waitpid_done
                0x000000000000c410                waitpid
 .text          0x000000000000c4ec       0x8c processes/processes-armv7.a(waitqueue.armv7.o)
                0x000000000000c4ec                wait_queue_add
                0x000000000000c538                wait_queue_wake
 .text          0x000000000000c578      0x234 debug/debug-armv7.a(panic.armv7.o)
                0x000000000000c578                dump_saved_user_state
                0x000000000000c620                dump_saved_kernel_state
                0x000000000000c6b8                dump_kernel_regs
                0x000000000000c750                dump_memory
 .text          0x000000000000c7ac       0x24 time/time-armv7.a(time.armv7.o)
                0x000000000000c7ac                time_since_boot
                0x000000000000c7c0                ticks_since_boot
 .text          0x000000000000c7d0       0x78 lib/lib-armv7.a(memcpy.armv7.o)
                0x000000000000c7d0                memcpy
                0x000000000000c7f8                memcpy_4byte
 .text          0x000000000000c848      0x15c lib/lib-armv7.a(memset.armv7.o)
                0x000000000000c848                memset_byte
                0x000000000000c870                memset_4byte
                0x000000000000c904                memset
 .text          0x000000000000c9a4      0x4cc lib/lib-armv7.a(printk.armv7.o)
                0x000000000000c9a4                vsprintf
                0x000000000000cdb0                printk
                0x000000000000cdf4                serial_printk
                0x000000000000ce38                sprintf
 .text          0x000000000000ce70      0x210 lib/lib-armv7.a(string.armv7.o)
                0x000000000000ce70                strncmp
                0x000000000000ceb4                memcmp
                0x000000000000cefc                strncpy
                0x000000000000cf58                strlcpy
                0x000000000000cfbc                strncat
                0x000000000000d058                strlen

.glue_7         0x000000000000d080        0x0
 .glue_7        0x000000000000d080        0x0 linker stubs

.glue_7t        0x000000000000d080        0x0
 .glue_7t       0x000000000000d080        0x0 linker stubs

.vfp11_veneer   0x000000000000d080        0x0
 .vfp11_veneer  0x000000000000d080        0x0 linker stubs

.v4_bx          0x000000000000d080        0x0
 .v4_bx         0x000000000000d080        0x0 linker stubs

.iplt           0x000000000000d080        0x0
 .iplt          0x000000000000d080        0x0 kernel_main.armv7.o
                0x000000000000e000                . = ALIGN (0x1000)
                0x000000000000e000                __text_end = .
                0x000000000000e000                __rodata_start = .

.rodata
 *(.rodata)

.rodata.str1.4  0x000000000000e000      0xd48
 .rodata.str1.4
                0x000000000000e000       0x9a kernel_main.armv7.o
 *fill*         0x000000000000e09a        0x2 
 .rodata.str1.4
                0x000000000000e09c      0x16a boot/boot-armv7.a(hardware_detect.armv7.o)
                                        0x172 (size before relaxing)
 *fill*         0x000000000000e206        0x2 
 .rodata.str1.4
                0x000000000000e208      0x359 boot/boot-armv7.a(device_tree.armv7.o)
 *fill*         0x000000000000e561        0x3 
 .rodata.str1.4
                0x000000000000e564       0xac interrupts/interrupts-armv7.a(interrupts.armv7.o)
 .rodata.str1.4
                0x000000000000e610       0x88 syscalls/syscalls-armv7.a(syscalls.armv7.o)
 .rodata.str1.4
                0x000000000000e698       0x39 syscalls/syscalls-armv7.a(uname.armv7.o)
                                         0x3d (size before relaxing)
 *fill*         0x000000000000e6d1        0x3 
 .rodata.str1.4
                0x000000000000e6d4       0x8b fs/files.armv7.o
                                         0x93 (size before relaxing)
 *fill*         0x000000000000e75f        0x1 
 .rodata.str1.4
                0x000000000000e760       0x59 fs/romfs/romfs-armv7.a(romfs.armv7.o)
 *fill*         0x000000000000e7b9        0x3 
 .rodata.str1.4
                0x000000000000e7bc       0x57 drivers/block/block.armv7.a(ramdisk.armv7.o)
 *fill*         0x000000000000e813        0x1 
 .rodata.str1.4
                0x000000000000e814       0x56 drivers/led/led.armv7.a(led.armv7.o)
 *fill*         0x000000000000e86a        0x2 
 .rodata.str1.4
                0x000000000000e86c       0xec drivers/i2c/i2c.armv7.a(i2c.armv7.o)
 .rodata.str1.4
                0x000000000000e958       0x7b drivers/gpio/gpio.armv7.a(gpio.armv7.o)
 *fill*         0x000000000000e9d3        0x1 
 .rodata.str1.4
                0x000000000000e9d4       0x40 drivers/serial/serial.armv7.a(pl011_uart.armv7.o)
 .rodata.str1.4
                0x000000000000ea14       0x40 drivers/serial/serial.armv7.a(mini_uart.armv7.o)
 .rodata.str1.4
                0x000000000000ea14      0x108 memory/memory-armv7.a(memory.armv7.o)
 .rodata.str1.4
                0x000000000000eb1c       0x8d processes/processes-armv7.a(process.armv7.o)
 *fill*         0x000000000000eba9        0x3 
 .rodata.str1.4
                0x000000000000ebac       0x21 processes/processes-armv7.a(idle_task.armv7.o)
 *fill*         0x000000000000ebcd        0x3 
 .rodata.str1.4
                0x000000000000ebd0       0x32 processes/processes-armv7.a(userspace.armv7.o)
                                         0x36 (size before relaxing)
 *fill*         0x000000000000ec02        0x2 
 .rodata.str1.4
                0x000000000000ec04       0x17 processes/processes-armv7.a(vfork.armv7.o)
 *fill*         0x000000000000ec1b        0x1 
 .rodata.str1.4
                0x000000000000ec1c       0x2d processes/processes-armv7.a(waitpid.armv7.o)
 *fill*         0x000000000000ec49        0x3 
 .rodata.str1.4
                0x000000000000ec4c       0xfc debug/debug-armv7.a(panic.armv7.o)
                                        0x100 (size before relaxing)

.rel.dyn        0x000000000000ed48        0x0
 .rel.iplt      0x000000000000ed48        0x0 kernel_main.armv7.o
                0x000000000000f000                . = ALIGN (0x1000)
                0x000000000000f000                __rodata_end = .
                0x000000000000f000                __data_start = .

.data           0x000000000000f000    0x18414
 *(.data)
 .data          0x000000000000f000    0x18400 kernel_main.armv7.o
                0x000000000000f000                initrd_image
 .data          0x0000000000027400        0x0 boot/boot-armv7.a(boot-armv7.o)
 .data          0x0000000000027400        0x4 boot/boot-armv7.a(hardware_detect.armv7.o)
                0x0000000000027400                hardware_type
 .data          0x0000000000027404        0x0 boot/boot-armv7.a(device_tree.armv7.o)
 .data          0x0000000000027404        0x0 interrupts/interrupts-armv7.a(interrupts.armv7.o)
 .data          0x0000000000027404        0x0 interrupts/interrupts-armv7.a(irq_handler.armv7.o)
 .data          0x0000000000027404        0x0 interrupts/interrupts-armv7.a(gic-400.armv7.o)
 .data          0x0000000000027404        0x0 syscalls/syscalls-armv7.a(swi_handler.armv7.o)
 .data          0x0000000000027404        0x0 syscalls/syscalls-armv7.a(syscalls.armv7.o)
 .data          0x0000000000027404        0x0 syscalls/syscalls-armv7.a(exit.armv7.o)
 .data          0x0000000000027404        0x0 syscalls/syscalls-armv7.a(nanosleep.armv7.o)
 .data          0x0000000000027404        0x0 syscalls/syscalls-armv7.a(sysinfo.armv7.o)
 .data          0x0000000000027404        0x0 syscalls/syscalls-armv7.a(times.armv7.o)
 .data          0x0000000000027404        0x0 syscalls/syscalls-armv7.a(uname.armv7.o)
 .data          0x0000000000027404        0x0 fs/files.armv7.o
 .data          0x0000000000027404        0x0 fs/romfs/romfs-armv7.a(romfs.armv7.o)
 .data          0x0000000000027404        0x0 drivers/drivers.armv7.o
 .data          0x0000000000027404        0x0 drivers/bcm2835/bcm2835.armv7.a(bcm2835_io.armv7.o)
 .data          0x0000000000027404        0x0 drivers/block/block.armv7.a(ramdisk.armv7.o)
 .data          0x0000000000027404        0x0 drivers/console/console.armv7.a(console_io.armv7.o)
 .data          0x0000000000027404        0x8 drivers/led/led.armv7.a(led.armv7.o)
 .data          0x000000000002740c        0x0 drivers/serial/serial.armv7.a(serial.armv7.o)
 .data          0x000000000002740c        0x4 drivers/timer/timer.armv7.a(sp804_timer.armv7.o)
                0x000000000002740c                blinking_enabled
 .data          0x0000000000027410        0x0 drivers/i2c/i2c.armv7.a(i2c.armv7.o)
 .data          0x0000000000027410        0x0 drivers/gpio/gpio.armv7.a(gpio.armv7.o)
 .data          0x0000000000027410        0x0 drivers/serial/serial.armv7.a(pl011_uart.armv7.o)
 .data          0x0000000000027410        0x0 drivers/serial/serial.armv7.a(mini_uart.armv7.o)
 .data          0x0000000000027410        0x0 memory/memory-armv7.a(memory.armv7.o)
 .data          0x0000000000027410        0x0 memory/memory-armv7.a(armv7-mmu.o)
 .data          0x0000000000027410        0x0 processes/processes-armv7.a(process.armv7.o)
 .data          0x0000000000027410        0x0 processes/processes-armv7.a(exec.armv7.o)
 .data          0x0000000000027410        0x0 processes/processes-armv7.a(idle_task.armv7.o)
 .data          0x0000000000027410        0x4 processes/processes-armv7.a(scheduler.armv7.o)
                0x0000000000027410                scheduling_enabled
 .data          0x0000000000027414        0x0 processes/processes-armv7.a(userspace.armv7.o)
 .data          0x0000000000027414        0x0 processes/processes-armv7.a(vfork.armv7.o)
 .data          0x0000000000027414        0x0 processes/processes-armv7.a(waitpid.armv7.o)
 .data          0x0000000000027414        0x0 processes/processes-armv7.a(waitqueue.armv7.o)
 .data          0x0000000000027414        0x0 debug/debug-armv7.a(panic.armv7.o)
 .data          0x0000000000027414        0x0 time/time-armv7.a(time.armv7.o)
 .data          0x0000000000027414        0x0 lib/lib-armv7.a(memcpy.armv7.o)
 .data          0x0000000000027414        0x0 lib/lib-armv7.a(memset.armv7.o)
 .data          0x0000000000027414        0x0 lib/lib-armv7.a(printk.armv7.o)
 .data          0x0000000000027414        0x0 lib/lib-armv7.a(string.armv7.o)

.igot.plt       0x0000000000027414        0x0
 .igot.plt      0x0000000000027414        0x0 kernel_main.armv7.o
                0x0000000000028000                . = ALIGN (0x1000)
                0x0000000000028000                __data_end = .
                0x0000000000028000                __bss_start = .

.bss            0x0000000000028000    0x10014
                0x0000000000028000                bss = .
 *(.bss)
 .bss           0x0000000000028000        0x0 kernel_main.armv7.o
 .bss           0x0000000000028000        0x0 boot/boot-armv7.a(boot-armv7.o)
 .bss           0x0000000000028000      0x410 boot/boot-armv7.a(hardware_detect.armv7.o)
                0x0000000000028408                io_base
                0x000000000002840c                act_led_gpio
 .bss           0x0000000000028410       0x2c boot/boot-armv7.a(device_tree.armv7.o)
                0x0000000000028410                device_tree
 .bss           0x000000000002843c        0x0 interrupts/interrupts-armv7.a(interrupts.armv7.o)
 .bss           0x000000000002843c        0x0 interrupts/interrupts-armv7.a(irq_handler.armv7.o)
 .bss           0x000000000002843c        0x4 interrupts/interrupts-armv7.a(gic-400.armv7.o)
                0x000000000002843c                num_interrupts
 .bss           0x0000000000028440        0x0 syscalls/syscalls-armv7.a(swi_handler.armv7.o)
 .bss           0x0000000000028440        0x0 syscalls/syscalls-armv7.a(syscalls.armv7.o)
 .bss           0x0000000000028440        0x0 syscalls/syscalls-armv7.a(exit.armv7.o)
 .bss           0x0000000000028440        0x0 syscalls/syscalls-armv7.a(nanosleep.armv7.o)
 .bss           0x0000000000028440        0x0 syscalls/syscalls-armv7.a(sysinfo.armv7.o)
 .bss           0x0000000000028440        0x0 syscalls/syscalls-armv7.a(times.armv7.o)
 .bss           0x0000000000028440        0x0 syscalls/syscalls-armv7.a(uname.armv7.o)
 .bss           0x0000000000028440      0x1c4 fs/files.armv7.o
                0x0000000000028440                fd_table
                0x00000000000285c4                superblock_table
 .bss           0x0000000000028604        0x0 fs/romfs/romfs-armv7.a(romfs.armv7.o)
 .bss           0x0000000000028604        0x0 drivers/drivers.armv7.o
 .bss           0x0000000000028604        0x0 drivers/bcm2835/bcm2835.armv7.a(bcm2835_io.armv7.o)
 .bss           0x0000000000028604        0xc drivers/block/block.armv7.a(ramdisk.armv7.o)
                0x0000000000028604                ramdisk_info
 .bss           0x0000000000028610      0x114 drivers/console/console.armv7.a(console_io.armv7.o)
                0x0000000000028718                console_wait_queue
                0x000000000002871c                console_read_mutex
                0x0000000000028720                console_write_mutex
 .bss           0x0000000000028724        0x4 drivers/led/led.armv7.a(led.armv7.o)
 .bss           0x0000000000028728       0x28 drivers/serial/serial.armv7.a(serial.armv7.o)
 .bss           0x0000000000028750       0x10 drivers/timer/timer.armv7.a(sp804_timer.armv7.o)
                0x0000000000028750                tick_counter
 .bss           0x0000000000028760        0x0 drivers/i2c/i2c.armv7.a(i2c.armv7.o)
 .bss           0x0000000000028760        0x8 drivers/gpio/gpio.armv7.a(gpio.armv7.o)
 .bss           0x0000000000028768        0x0 drivers/serial/serial.armv7.a(pl011_uart.armv7.o)
 .bss           0x0000000000028768        0x0 drivers/serial/serial.armv7.a(mini_uart.armv7.o)
 .bss           0x0000000000028768     0x800c memory/memory-armv7.a(memory.armv7.o)
 *fill*         0x0000000000030774     0x388c 
 .bss           0x0000000000034000     0x4000 memory/memory-armv7.a(armv7-mmu.o)
                0x0000000000034000                page_table
 .bss           0x0000000000038000       0x10 processes/processes-armv7.a(process.armv7.o)
                0x0000000000038000                proc_first
                0x0000000000038008                current_process
                0x000000000003800c                userspace_started
 .bss           0x0000000000038010        0x0 processes/processes-armv7.a(exec.armv7.o)
 .bss           0x0000000000038010        0x0 processes/processes-armv7.a(idle_task.armv7.o)
 .bss           0x0000000000038010        0x0 processes/processes-armv7.a(scheduler.armv7.o)
 .bss           0x0000000000038010        0x0 processes/processes-armv7.a(userspace.armv7.o)
 .bss           0x0000000000038010        0x0 processes/processes-armv7.a(vfork.armv7.o)
 .bss           0x0000000000038010        0x4 processes/processes-armv7.a(waitpid.armv7.o)
                0x0000000000038010                waitpid_wait_queue
 .bss           0x0000000000038014        0x0 processes/processes-armv7.a(waitqueue.armv7.o)
 .bss           0x0000000000038014        0x0 debug/debug-armv7.a(panic.armv7.o)
 .bss           0x0000000000038014        0x0 time/time-armv7.a(time.armv7.o)
 .bss           0x0000000000038014        0x0 lib/lib-armv7.a(memcpy.armv7.o)
 .bss           0x0000000000038014        0x0 lib/lib-armv7.a(memset.armv7.o)
 .bss           0x0000000000038014        0x0 lib/lib-armv7.a(printk.armv7.o)
 .bss           0x0000000000038014        0x0 lib/lib-armv7.a(string.armv7.o)
                0x0000000000039000                . = ALIGN (0x1000)
                0x0000000000039000                __bss_end = .
                0x0000000000039000                __end = .
LOAD kernel_main.armv7.o
LOAD boot/boot-armv7.a
LOAD interrupts/interrupts-armv7.a
LOAD syscalls/syscalls-armv7.a
LOAD fs/fs-armv7.a
LOAD drivers/drivers-armv7.a
LOAD memory/memory-armv7.a
LOAD processes/processes-armv7.a
LOAD debug/debug-armv7.a
LOAD time/time-armv7.a
LOAD lib/lib-armv7.a
OUTPUT(kernel7.elf elf32-littlearm)
LOAD linker stubs

.comment        0x0000000000000000       0x33
 .comment       0x0000000000000000       0x33 kernel_main.armv7.o
                                         0x34 (size before relaxing)
 .comment       0x0000000000000033       0x34 boot/boot-armv7.a(hardware_detect.armv7.o)
 .comment       0x0000000000000033       0x34 boot/boot-armv7.a(device_tree.armv7.o)
 .comment       0x0000000000000033       0x34 interrupts/interrupts-armv7.a(interrupts.armv7.o)
 .comment       0x0000000000000033       0x34 interrupts/interrupts-armv7.a(gic-400.armv7.o)
 .comment       0x0000000000000033       0x34 syscalls/syscalls-armv7.a(syscalls.armv7.o)
 .comment       0x0000000000000033       0x34 syscalls/syscalls-armv7.a(exit.armv7.o)
 .comment       0x0000000000000033       0x34 syscalls/syscalls-armv7.a(nanosleep.armv7.o)
 .comment       0x0000000000000033       0x34 syscalls/syscalls-armv7.a(sysinfo.armv7.o)
 .comment       0x0000000000000033       0x34 syscalls/syscalls-armv7.a(times.armv7.o)
 .comment       0x0000000000000033       0x34 syscalls/syscalls-armv7.a(uname.armv7.o)
 .comment       0x0000000000000033       0x34 fs/files.armv7.o
 .comment       0x0000000000000033       0x34 fs/romfs/romfs-armv7.a(romfs.armv7.o)
 .comment       0x0000000000000033       0x34 drivers/drivers.armv7.o
 .comment       0x0000000000000033       0x34 drivers/bcm2835/bcm2835.armv7.a(bcm2835_io.armv7.o)
 .comment       0x0000000000000033       0x34 drivers/block/block.armv7.a(ramdisk.armv7.o)
 .comment       0x0000000000000033       0x34 drivers/console/console.armv7.a(console_io.armv7.o)
 .comment       0x0000000000000033       0x34 drivers/led/led.armv7.a(led.armv7.o)
 .comment       0x0000000000000033       0x34 drivers/serial/serial.armv7.a(serial.armv7.o)
 .comment       0x0000000000000033       0x34 drivers/timer/timer.armv7.a(sp804_timer.armv7.o)
 .comment       0x0000000000000033       0x34 drivers/i2c/i2c.armv7.a(i2c.armv7.o)
 .comment       0x0000000000000033       0x34 drivers/gpio/gpio.armv7.a(gpio.armv7.o)
 .comment       0x0000000000000033       0x34 drivers/serial/serial.armv7.a(pl011_uart.armv7.o)
 .comment       0x0000000000000033       0x34 drivers/serial/serial.armv7.a(mini_uart.armv7.o)
 .comment       0x0000000000000033       0x34 memory/memory-armv7.a(memory.armv7.o)
 .comment       0x0000000000000033       0x34 memory/memory-armv7.a(armv7-mmu.o)
 .comment       0x0000000000000033       0x34 processes/processes-armv7.a(process.armv7.o)
 .comment       0x0000000000000033       0x34 processes/processes-armv7.a(exec.armv7.o)
 .comment       0x0000000000000033       0x34 processes/processes-armv7.a(idle_task.armv7.o)
 .comment       0x0000000000000033       0x34 processes/processes-armv7.a(scheduler.armv7.o)
 .comment       0x0000000000000033       0x34 processes/processes-armv7.a(userspace.armv7.o)
 .comment       0x0000000000000033       0x34 processes/processes-armv7.a(vfork.armv7.o)
 .comment       0x0000000000000033       0x34 processes/processes-armv7.a(waitpid.armv7.o)
 .comment       0x0000000000000033       0x34 processes/processes-armv7.a(waitqueue.armv7.o)
 .comment       0x0000000000000033       0x34 debug/debug-armv7.a(panic.armv7.o)
 .comment       0x0000000000000033       0x34 time/time-armv7.a(time.armv7.o)
 .comment       0x0000000000000033       0x34 lib/lib-armv7.a(memcpy.armv7.o)
 .comment       0x0000000000000033       0x34 lib/lib-armv7.a(memset.armv7.o)
 .comment       0x0000000000000033       0x34 lib/lib-armv7.a(printk.armv7.o)
 .comment       0x0000000000000033       0x34 lib/lib-armv7.a(string.armv7.o)

.ARM.attributes
                0x0000000000000000       0x39
 .ARM.attributes
                0x0000000000000000       0x2f kernel_main.armv7.o
 .ARM.attributes
                0x000000000000002f       0x29 boot/boot-armv7.a(boot-armv7.o)
 .ARM.attributes
                0x0000000000000058       0x35 boot/boot-armv7.a(hardware_detect.armv7.o)
 .ARM.attributes
                0x000000000000008d       0x35 boot/boot-armv7.a(device_tree.armv7.o)
 .ARM.attributes
                0x00000000000000c2       0x35 interrupts/interrupts-armv7.a(interrupts.armv7.o)
 .ARM.attributes
                0x00000000000000f7       0x29 interrupts/interrupts-armv7.a(irq_handler.armv7.o)
 .ARM.attributes
                0x0000000000000120       0x35 interrupts/interrupts-armv7.a(gic-400.armv7.o)
 .ARM.attributes
                0x0000000000000155       0x29 syscalls/syscalls-armv7.a(swi_handler.armv7.o)
 .ARM.attributes
                0x000000000000017e       0x35 syscalls/syscalls-armv7.a(syscalls.armv7.o)
 .ARM.attributes
                0x00000000000001b3       0x35 syscalls/syscalls-armv7.a(exit.armv7.o)
 .ARM.attributes
                0x00000000000001e8       0x35 syscalls/syscalls-armv7.a(nanosleep.armv7.o)
 .ARM.attributes
                0x000000000000021d       0x35 syscalls/syscalls-armv7.a(sysinfo.armv7.o)
 .ARM.attributes
                0x0000000000000252       0x35 syscalls/syscalls-armv7.a(times.armv7.o)
 .ARM.attributes
                0x0000000000000287       0x35 syscalls/syscalls-armv7.a(uname.armv7.o)
 .ARM.attributes
                0x00000000000002bc       0x35 fs/files.armv7.o
 .ARM.attributes
                0x00000000000002f1       0x35 fs/romfs/romfs-armv7.a(romfs.armv7.o)
 .ARM.attributes
                0x0000000000000326       0x35 drivers/drivers.armv7.o
 .ARM.attributes
                0x000000000000035b       0x35 drivers/bcm2835/bcm2835.armv7.a(bcm2835_io.armv7.o)
 .ARM.attributes
                0x0000000000000390       0x35 drivers/block/block.armv7.a(ramdisk.armv7.o)
 .ARM.attributes
                0x00000000000003c5       0x35 drivers/console/console.armv7.a(console_io.armv7.o)
 .ARM.attributes
                0x00000000000003fa       0x35 drivers/led/led.armv7.a(led.armv7.o)
 .ARM.attributes
                0x000000000000042f       0x35 drivers/serial/serial.armv7.a(serial.armv7.o)
 .ARM.attributes
                0x0000000000000464       0x35 drivers/timer/timer.armv7.a(sp804_timer.armv7.o)
 .ARM.attributes
                0x0000000000000499       0x35 drivers/i2c/i2c.armv7.a(i2c.armv7.o)
 .ARM.attributes
                0x00000000000004ce       0x35 drivers/gpio/gpio.armv7.a(gpio.armv7.o)
 .ARM.attributes
                0x0000000000000503       0x35 drivers/serial/serial.armv7.a(pl011_uart.armv7.o)
 .ARM.attributes
                0x0000000000000538       0x35 drivers/serial/serial.armv7.a(mini_uart.armv7.o)
 .ARM.attributes
                0x000000000000056d       0x35 memory/memory-armv7.a(memory.armv7.o)
 .ARM.attributes
                0x00000000000005a2       0x35 memory/memory-armv7.a(armv7-mmu.o)
 .ARM.attributes
                0x00000000000005d7       0x35 processes/processes-armv7.a(process.armv7.o)
 .ARM.attributes
                0x000000000000060c       0x35 processes/processes-armv7.a(exec.armv7.o)
 .ARM.attributes
                0x0000000000000641       0x35 processes/processes-armv7.a(idle_task.armv7.o)
 .ARM.attributes
                0x0000000000000676       0x35 processes/processes-armv7.a(scheduler.armv7.o)
 .ARM.attributes
                0x00000000000006ab       0x35 processes/processes-armv7.a(userspace.armv7.o)
 .ARM.attributes
                0x00000000000006e0       0x2f processes/processes-armv7.a(vfork.armv7.o)
 .ARM.attributes
                0x000000000000070f       0x2f processes/processes-armv7.a(waitpid.armv7.o)
 .ARM.attributes
                0x000000000000073e       0x2f processes/processes-armv7.a(waitqueue.armv7.o)
 .ARM.attributes
                0x000000000000076d       0x35 debug/debug-armv7.a(panic.armv7.o)
 .ARM.attributes
                0x00000000000007a2       0x35 time/time-armv7.a(time.armv7.o)
 .ARM.attributes
                0x00000000000007d7       0x35 lib/lib-armv7.a(memcpy.armv7.o)
 .ARM.attributes
                0x000000000000080c       0x35 lib/lib-armv7.a(memset.armv7.o)
 .ARM.attributes
                0x0000000000000841       0x35 lib/lib-armv7.a(printk.armv7.o)
 .ARM.attributes
                0x0000000000000876       0x35 lib/lib-armv7.a(string.armv7.o)
