Archive member included to satisfy reference by file (symbol)

boot/boot-armv7.a(boot-armv7.o)
                              (_start)
boot/boot-armv7.a(hardware_detect.armv7.o)
                              kernel_main.armv7.o (hardware_detect)
boot/boot-armv7.a(device_tree.armv7.o)
                              boot/boot-armv7.a(hardware_detect.armv7.o) (devicetree_setup)
interrupts/interrupts-armv7.a(interrupts.armv7.o)
                              kernel_main.armv7.o (platform_irq_enable)
interrupts/interrupts-armv7.a(irq_handler.armv7.o)
                              boot/boot-armv7.a(boot-armv7.o) (interrupt_handler)
interrupts/interrupts-armv7.a(gic-400.armv7.o)
                              interrupts/interrupts-armv7.a(interrupts.armv7.o) (gic400_init)
syscalls/syscalls-armv7.a(swi_handler.armv7.o)
                              boot/boot-armv7.a(boot-armv7.o) (swi_handler)
syscalls/syscalls-armv7.a(syscalls.armv7.o)
                              syscalls/syscalls-armv7.a(swi_handler.armv7.o) (swi_handler_c)
syscalls/syscalls-armv7.a(exit.armv7.o)
                              syscalls/syscalls-armv7.a(syscalls.armv7.o) (exit)
syscalls/syscalls-armv7.a(nanosleep.armv7.o)
                              syscalls/syscalls-armv7.a(syscalls.armv7.o) (nanosleep)
syscalls/syscalls-armv7.a(sysinfo.armv7.o)
                              syscalls/syscalls-armv7.a(syscalls.armv7.o) (sysinfo)
syscalls/syscalls-armv7.a(times.armv7.o)
                              syscalls/syscalls-armv7.a(syscalls.armv7.o) (times)
syscalls/syscalls-armv7.a(uname.armv7.o)
                              syscalls/syscalls-armv7.a(syscalls.armv7.o) (uname)
fs/files.armv7.o              syscalls/syscalls-armv7.a(syscalls.armv7.o) (close)
fs/romfs/romfs-armv7.a(romfs.armv7.o)
                              fs/files.armv7.o (romfs_stat)
drivers/drivers.armv7.o       kernel_main.armv7.o (drivers_init_all)
drivers/bcm2835/bcm2835.armv7.a(bcm2835_io.armv7.o)
                              interrupts/interrupts-armv7.a(interrupts.armv7.o) (bcm2835_write)
drivers/block/block.armv7.a(ramdisk.armv7.o)
                              fs/romfs/romfs-armv7.a(romfs.armv7.o) (ramdisk_read)
drivers/console/console.armv7.a(console_io.armv7.o)
                              fs/files.armv7.o (console_write)
drivers/led/led.armv7.a(led.armv7.o)
                              drivers/drivers.armv7.o (led_init)
drivers/serial/serial.armv7.a(serial.armv7.o)
                              kernel_main.armv7.o (serial_init)
drivers/timer/timer.armv7.a(sp804_timer.armv7.o)
                              drivers/drivers.armv7.o (timer_init)
drivers/i2c/i2c.armv7.a(i2c.armv7.o)
                              kernel_main.armv7.o (i2c_init)
drivers/gpio/gpio.armv7.a(gpio.armv7.o)
                              drivers/led/led.armv7.a(led.armv7.o) (gpio_request)
drivers/serial/serial.armv7.a(pl011_uart.armv7.o)
                              drivers/serial/serial.armv7.a(serial.armv7.o) (pl011_uart_init)
drivers/serial/serial.armv7.a(mini_uart.armv7.o)
                              drivers/serial/serial.armv7.a(serial.armv7.o) (mini_uart_init)
memory/memory-armv7.a(memory.armv7.o)
                              syscalls/syscalls-armv7.a(sysinfo.armv7.o) (memory_total_free)
memory/memory-armv7.a(armv7-mmu.o)
                              memory/memory-armv7.a(memory.armv7.o) (enable_mmu)
processes/processes-armv7.a(process.armv7.o)
                              syscalls/syscalls-armv7.a(sysinfo.armv7.o) (process_get_totals)
processes/processes-armv7.a(exec.armv7.o)
                              syscalls/syscalls-armv7.a(syscalls.armv7.o) (execve)
processes/processes-armv7.a(idle_task.armv7.o)
                              kernel_main.armv7.o (create_idle_task)
processes/processes-armv7.a(scheduler.armv7.o)
                              interrupts/interrupts-armv7.a(interrupts.armv7.o) (schedule)
processes/processes-armv7.a(userspace.armv7.o)
                              processes/processes-armv7.a(idle_task.armv7.o) (enter_userspace)
processes/processes-armv7.a(vfork.armv7.o)
                              syscalls/syscalls-armv7.a(syscalls.armv7.o) (vfork)
processes/processes-armv7.a(waitpid.armv7.o)
                              syscalls/syscalls-armv7.a(exit.armv7.o) (waitpid_done)
processes/processes-armv7.a(waitqueue.armv7.o)
                              drivers/console/console.armv7.a(console_io.armv7.o) (wait_queue_add)
debug/debug-armv7.a(panic.armv7.o)
                              drivers/console/console.armv7.a(console_io.armv7.o) (dump_saved_user_state)
time/time-armv7.a(time.armv7.o)
                              syscalls/syscalls-armv7.a(syscalls.armv7.o) (time_since_boot)
lib/lib-armv7.a(memcpy.armv7.o)
                              boot/boot-armv7.a(device_tree.armv7.o) (memcpy)
lib/lib-armv7.a(memset.armv7.o)
                              syscalls/syscalls-armv7.a(sysinfo.armv7.o) (memset)
lib/lib-armv7.a(printk.armv7.o)
                              kernel_main.armv7.o (printk)
lib/lib-armv7.a(string.armv7.o)
                              boot/boot-armv7.a(device_tree.armv7.o) (strncmp)

Memory Configuration

Name             Origin             Length             Attributes
*default*        0x0000000000000000 0xffffffffffffffff

Linker script and memory map

                0x0000000000008000                . = 0x8000
                0x0000000000008000                __start = .
                0x0000000000008000                __text_start = .

.text           0x0000000000008000     0x4fb4
 *(.text.boot)
 .text.boot     0x0000000000008000       0xf4 boot/boot-armv7.a(boot-armv7.o)
                0x0000000000008000                _start
 *(.text)
 .text          0x00000000000080f4       0xe8 kernel_main.armv7.o
                0x00000000000080f4                kernel_main
 .text          0x00000000000081dc        0x0 boot/boot-armv7.a(boot-armv7.o)
 .text          0x00000000000081dc      0x6b0 boot/boot-armv7.a(hardware_detect.armv7.o)
                0x00000000000081dc                hardware_detect
                0x00000000000084ec                hardware_print_model
                0x00000000000086ec                hardware_print_commandline
                0x0000000000008740                hardware_get_type
                0x0000000000008750                hardware_get_memory
                0x00000000000087a0                hardware_setup_vars
 .text          0x000000000000888c      0x9e8 boot/boot-armv7.a(device_tree.armv7.o)
                0x0000000000008c08                devicetree_setup
                0x0000000000008cc8                devicetree_find_reserved
                0x0000000000008e28                devicetree_find_string
                0x0000000000008e90                devicetree_find_int
                0x0000000000008eac                devicetree_find_int64
                0x0000000000008f1c                devicetree_get_memory
 .text          0x0000000000009274      0x248 interrupts/interrupts-armv7.a(interrupts.armv7.o)
                0x0000000000009274                platform_irq_enable
                0x00000000000092b4                irq_enable
                0x000000000000931c                irq_disable
                0x0000000000009384                interrupt_handler_c
                0x0000000000009474                fiq_handler
                0x000000000000948c                abort_handler
                0x00000000000094a4                undef_handler
 .text          0x00000000000094bc       0x40 interrupts/interrupts-armv7.a(irq_handler.armv7.o)
                0x00000000000094bc                interrupt_handler
 .text          0x00000000000094fc      0x138 interrupts/interrupts-armv7.a(gic-400.armv7.o)
                0x00000000000094fc                gic400_init
 .text          0x0000000000009634       0x40 syscalls/syscalls-armv7.a(swi_handler.armv7.o)
                0x0000000000009634                swi_handler
 .text          0x0000000000009674      0x458 syscalls/syscalls-armv7.a(syscalls.armv7.o)
                0x0000000000009674                swi_handler_c
 .text          0x0000000000009acc       0x28 syscalls/syscalls-armv7.a(exit.armv7.o)
                0x0000000000009acc                exit
 .text          0x0000000000009af4       0x5c syscalls/syscalls-armv7.a(nanosleep.armv7.o)
                0x0000000000009af4                nanosleep
 .text          0x0000000000009b50       0x7c syscalls/syscalls-armv7.a(sysinfo.armv7.o)
                0x0000000000009b50                sysinfo
 .text          0x0000000000009bcc       0x2c syscalls/syscalls-armv7.a(times.armv7.o)
                0x0000000000009bcc                times
 .text          0x0000000000009bf8       0x88 syscalls/syscalls-armv7.a(uname.armv7.o)
                0x0000000000009bf8                uname
 .text          0x0000000000009c80      0x3d8 fs/files.armv7.o
                0x0000000000009c80                fd_free
                0x0000000000009c88                fd_allocate
                0x0000000000009ce0                get_inode
                0x0000000000009dac                close
                0x0000000000009db4                open
                0x0000000000009dd4                read
                0x0000000000009e64                write
                0x0000000000009e9c                stat
                0x0000000000009ec4                mount
                0x0000000000009f0c                fd_table_init
                0x0000000000009f40                getdents
                0x0000000000009fb0                chdir
                0x000000000000a010                getcwd
 .text          0x000000000000a058      0x588 fs/romfs/romfs-armv7.a(romfs.armv7.o)
                0x000000000000a058                romfs_stat
                0x000000000000a198                romfs_get_inode
                0x000000000000a2c8                romfs_mount
                0x000000000000a39c                romfs_statfs
                0x000000000000a3a4                romfs_read_file
                0x000000000000a428                romfs_getdents
 .text          0x000000000000a5e0       0x14 drivers/drivers.armv7.o
                0x000000000000a5e0                drivers_init_all
 .text          0x000000000000a5f4       0x30 drivers/bcm2835/bcm2835.armv7.a(bcm2835_io.armv7.o)
                0x000000000000a5f4                bcm2835_write
                0x000000000000a60c                bcm2835_read
 .text          0x000000000000a624       0x88 drivers/block/block.armv7.a(ramdisk.armv7.o)
                0x000000000000a624                ramdisk_read
                0x000000000000a67c                ramdisk_init
 .text          0x000000000000a6ac      0x138 drivers/console/console.armv7.a(console_io.armv7.o)
                0x000000000000a6ac                console_insert_char
                0x000000000000a738                console_write
                0x000000000000a73c                console_read
 .text          0x000000000000a7e4      0x16c drivers/led/led.armv7.a(led.armv7.o)
                0x000000000000a7e4                led_init
                0x000000000000a8cc                led_on
                0x000000000000a910                led_off
 .text          0x000000000000a950       0xe4 drivers/serial/serial.armv7.a(serial.armv7.o)
                0x000000000000a950                serial_init
                0x000000000000a9ac                serial_write
                0x000000000000aa14                serial_interrupt_handler
                0x000000000000aa24                serial_enable_interrupts
 .text          0x000000000000aa34      0x124 drivers/timer/timer.armv7.a(sp804_timer.armv7.o)
                0x000000000000aa34                timer_init
                0x000000000000aa84                timer_interrupt_handler
                0x000000000000ab20                timer_sleep_until
 .text          0x000000000000ab58      0x21c drivers/i2c/i2c.armv7.a(i2c.armv7.o)
                0x000000000000ab58                i2c_init
                0x000000000000abd4                i2c_write_blocking
                0x000000000000ac7c                i2c_read_blocking
 .text          0x000000000000ad74      0x3d0 drivers/gpio/gpio.armv7.a(gpio.armv7.o)
                0x000000000000ad74                gpio_request
                0x000000000000ae14                gpio_free
                0x000000000000ae80                gpio_direction_input
                0x000000000000aef8                gpio_direction_output
                0x000000000000af74                gpio_to_irq
                0x000000000000af7c                gpio_get_value
                0x000000000000afdc                gpio_set_value
                0x000000000000b07c                gpio_set_falling
                0x000000000000b0e8                gpio_clear_interrupt
 .text          0x000000000000b144      0x440 drivers/serial/serial.armv7.a(pl011_uart.armv7.o)
                0x000000000000b144                pl011_uart_putc
                0x000000000000b178                pl011_uart_getc
                0x000000000000b1a4                pl011_uart_getc_noblock
                0x000000000000b1d8                pl011_uart_enable_interrupts
                0x000000000000b25c                pl011_uart_interrupt_handler
                0x000000000000b2b0                pl011_uart_init
                0x000000000000b414                pl011_uart_putc_extra
                0x000000000000b448                pl011_write
                0x000000000000b4a0                old_pl011_uart_init
 .text          0x000000000000b584      0x2b0 drivers/serial/serial.armv7.a(mini_uart.armv7.o)
                0x000000000000b584                mini_uart_putc
                0x000000000000b5b8                mini_uart_getc
                0x000000000000b5e4                mini_uart_getc_noblock
                0x000000000000b618                mini_uart_enable_interrupts
                0x000000000000b69c                mini_uart_interrupt_handler
                0x000000000000b6f0                mini_uart_init
 .text          0x000000000000b834      0x36c memory/memory-armv7.a(memory.armv7.o)
                0x000000000000b834                memory_total_free
                0x000000000000b888                memory_allocate
                0x000000000000b9c4                memory_free
                0x000000000000ba48                memory_get_total
                0x000000000000ba58                memory_hierarchy_init
 .text          0x000000000000bba0       0x20 memory/memory-armv7.a(armv7-mmu.o)
                0x000000000000bba0                enable_mmu
                0x000000000000bba4                enable_l1_dcache
                0x000000000000bba8                disable_l1_dcache
                0x000000000000bbac                enable_l1_icache
                0x000000000000bbb0                disable_l1_icache
                0x000000000000bbb4                enable_branch_predictor
                0x000000000000bbb8                disable_branch_predictor
                0x000000000000bbbc                l1_cache_detect
 .text          0x000000000000bbc0      0x2b4 processes/processes-armv7.a(process.armv7.o)
                0x000000000000bbc0                process_get_totals
                0x000000000000bc00                process_lookup
                0x000000000000bc34                process_lookup_child
                0x000000000000bc70                process_create
                0x000000000000bd40                process_destroy
                0x000000000000be0c                process_save
                0x000000000000be30                process_switch
 .text          0x000000000000be74      0x1f4 processes/processes-armv7.a(exec.armv7.o)
                0x000000000000be74                execve
 .text          0x000000000000c068       0x90 processes/processes-armv7.a(idle_task.armv7.o)
                0x000000000000c070                create_idle_task
 .text          0x000000000000c0f8       0xc0 processes/processes-armv7.a(scheduler.armv7.o)
                0x000000000000c0f8                schedule
                0x000000000000c1a8                sched_yield
 .text          0x000000000000c1b8       0xd0 processes/processes-armv7.a(userspace.armv7.o)
                0x000000000000c1b8                enter_userspace
                0x000000000000c1e8                start_userspace
 .text          0x000000000000c288       0xa4 processes/processes-armv7.a(vfork.armv7.o)
                0x000000000000c288                vfork
 .text          0x000000000000c32c       0xf4 processes/processes-armv7.a(waitpid.armv7.o)
                0x000000000000c32c                waitpid_done
                0x000000000000c344                waitpid
 .text          0x000000000000c420       0x8c processes/processes-armv7.a(waitqueue.armv7.o)
                0x000000000000c420                wait_queue_add
                0x000000000000c46c                wait_queue_wake
 .text          0x000000000000c4ac      0x234 debug/debug-armv7.a(panic.armv7.o)
                0x000000000000c4ac                dump_saved_user_state
                0x000000000000c554                dump_saved_kernel_state
                0x000000000000c5ec                dump_kernel_regs
                0x000000000000c684                dump_memory
 .text          0x000000000000c6e0       0x24 time/time-armv7.a(time.armv7.o)
                0x000000000000c6e0                time_since_boot
                0x000000000000c6f4                ticks_since_boot
 .text          0x000000000000c704       0x78 lib/lib-armv7.a(memcpy.armv7.o)
                0x000000000000c704                memcpy
                0x000000000000c72c                memcpy_4byte
 .text          0x000000000000c77c      0x15c lib/lib-armv7.a(memset.armv7.o)
                0x000000000000c77c                memset_byte
                0x000000000000c7a4                memset_4byte
                0x000000000000c838                memset
 .text          0x000000000000c8d8      0x4cc lib/lib-armv7.a(printk.armv7.o)
                0x000000000000c8d8                vsprintf
                0x000000000000cce4                printk
                0x000000000000cd28                serial_printk
                0x000000000000cd6c                sprintf
 .text          0x000000000000cda4      0x210 lib/lib-armv7.a(string.armv7.o)
                0x000000000000cda4                strncmp
                0x000000000000cde8                memcmp
                0x000000000000ce30                strncpy
                0x000000000000ce8c                strlcpy
                0x000000000000cef0                strncat
                0x000000000000cf8c                strlen

.glue_7         0x000000000000cfb4        0x0
 .glue_7        0x000000000000cfb4        0x0 linker stubs

.glue_7t        0x000000000000cfb4        0x0
 .glue_7t       0x000000000000cfb4        0x0 linker stubs

.vfp11_veneer   0x000000000000cfb4        0x0
 .vfp11_veneer  0x000000000000cfb4        0x0 linker stubs

.v4_bx          0x000000000000cfb4        0x0
 .v4_bx         0x000000000000cfb4        0x0 linker stubs

.iplt           0x000000000000cfb4        0x0
 .iplt          0x000000000000cfb4        0x0 kernel_main.armv7.o
                0x000000000000d000                . = ALIGN (0x1000)
                0x000000000000d000                __text_end = .
                0x000000000000d000                __rodata_start = .

.rodata
 *(.rodata)

.rodata.str1.4  0x000000000000d000      0xc34
 .rodata.str1.4
                0x000000000000d000       0x9a kernel_main.armv7.o
 *fill*         0x000000000000d09a        0x2 
 .rodata.str1.4
                0x000000000000d09c      0x16a boot/boot-armv7.a(hardware_detect.armv7.o)
                                        0x172 (size before relaxing)
 *fill*         0x000000000000d206        0x2 
 .rodata.str1.4
                0x000000000000d208      0x359 boot/boot-armv7.a(device_tree.armv7.o)
 *fill*         0x000000000000d561        0x3 
 .rodata.str1.4
                0x000000000000d564       0xac interrupts/interrupts-armv7.a(interrupts.armv7.o)
 .rodata.str1.4
                0x000000000000d610       0x60 syscalls/syscalls-armv7.a(syscalls.armv7.o)
 .rodata.str1.4
                0x000000000000d670       0x39 syscalls/syscalls-armv7.a(uname.armv7.o)
                                         0x3d (size before relaxing)
 *fill*         0x000000000000d6a9        0x3 
 .rodata.str1.4
                0x000000000000d6ac       0x8b fs/files.armv7.o
                                         0x93 (size before relaxing)
 *fill*         0x000000000000d737        0x1 
 .rodata.str1.4
                0x000000000000d738       0x59 fs/romfs/romfs-armv7.a(romfs.armv7.o)
 *fill*         0x000000000000d791        0x3 
 .rodata.str1.4
                0x000000000000d794       0x57 drivers/block/block.armv7.a(ramdisk.armv7.o)
 *fill*         0x000000000000d7eb        0x1 
 .rodata.str1.4
                0x000000000000d7ec       0x56 drivers/led/led.armv7.a(led.armv7.o)
 *fill*         0x000000000000d842        0x2 
 .rodata.str1.4
                0x000000000000d844       0x7b drivers/gpio/gpio.armv7.a(gpio.armv7.o)
 *fill*         0x000000000000d8bf        0x1 
 .rodata.str1.4
                0x000000000000d8c0       0x40 drivers/serial/serial.armv7.a(pl011_uart.armv7.o)
 .rodata.str1.4
                0x000000000000d900       0x40 drivers/serial/serial.armv7.a(mini_uart.armv7.o)
 .rodata.str1.4
                0x000000000000d900      0x108 memory/memory-armv7.a(memory.armv7.o)
 .rodata.str1.4
                0x000000000000da08       0x8d processes/processes-armv7.a(process.armv7.o)
 *fill*         0x000000000000da95        0x3 
 .rodata.str1.4
                0x000000000000da98       0x21 processes/processes-armv7.a(idle_task.armv7.o)
 *fill*         0x000000000000dab9        0x3 
 .rodata.str1.4
                0x000000000000dabc       0x32 processes/processes-armv7.a(userspace.armv7.o)
                                         0x36 (size before relaxing)
 *fill*         0x000000000000daee        0x2 
 .rodata.str1.4
                0x000000000000daf0       0x17 processes/processes-armv7.a(vfork.armv7.o)
 *fill*         0x000000000000db07        0x1 
 .rodata.str1.4
                0x000000000000db08       0x2d processes/processes-armv7.a(waitpid.armv7.o)
 *fill*         0x000000000000db35        0x3 
 .rodata.str1.4
                0x000000000000db38       0xfc debug/debug-armv7.a(panic.armv7.o)
                                        0x100 (size before relaxing)

.rel.dyn        0x000000000000dc34        0x0
 .rel.iplt      0x000000000000dc34        0x0 kernel_main.armv7.o
                0x000000000000e000                . = ALIGN (0x1000)
                0x000000000000e000                __rodata_end = .
                0x000000000000e000                __data_start = .

.data           0x000000000000e000    0x18414
 *(.data)
 .data          0x000000000000e000    0x18400 kernel_main.armv7.o
                0x000000000000e000                initrd_image
 .data          0x0000000000026400        0x0 boot/boot-armv7.a(boot-armv7.o)
 .data          0x0000000000026400        0x4 boot/boot-armv7.a(hardware_detect.armv7.o)
                0x0000000000026400                hardware_type
 .data          0x0000000000026404        0x0 boot/boot-armv7.a(device_tree.armv7.o)
 .data          0x0000000000026404        0x0 interrupts/interrupts-armv7.a(interrupts.armv7.o)
 .data          0x0000000000026404        0x0 interrupts/interrupts-armv7.a(irq_handler.armv7.o)
 .data          0x0000000000026404        0x0 interrupts/interrupts-armv7.a(gic-400.armv7.o)
 .data          0x0000000000026404        0x0 syscalls/syscalls-armv7.a(swi_handler.armv7.o)
 .data          0x0000000000026404        0x0 syscalls/syscalls-armv7.a(syscalls.armv7.o)
 .data          0x0000000000026404        0x0 syscalls/syscalls-armv7.a(exit.armv7.o)
 .data          0x0000000000026404        0x0 syscalls/syscalls-armv7.a(nanosleep.armv7.o)
 .data          0x0000000000026404        0x0 syscalls/syscalls-armv7.a(sysinfo.armv7.o)
 .data          0x0000000000026404        0x0 syscalls/syscalls-armv7.a(times.armv7.o)
 .data          0x0000000000026404        0x0 syscalls/syscalls-armv7.a(uname.armv7.o)
 .data          0x0000000000026404        0x0 fs/files.armv7.o
 .data          0x0000000000026404        0x0 fs/romfs/romfs-armv7.a(romfs.armv7.o)
 .data          0x0000000000026404        0x0 drivers/drivers.armv7.o
 .data          0x0000000000026404        0x0 drivers/bcm2835/bcm2835.armv7.a(bcm2835_io.armv7.o)
 .data          0x0000000000026404        0x0 drivers/block/block.armv7.a(ramdisk.armv7.o)
 .data          0x0000000000026404        0x0 drivers/console/console.armv7.a(console_io.armv7.o)
 .data          0x0000000000026404        0x8 drivers/led/led.armv7.a(led.armv7.o)
 .data          0x000000000002640c        0x0 drivers/serial/serial.armv7.a(serial.armv7.o)
 .data          0x000000000002640c        0x4 drivers/timer/timer.armv7.a(sp804_timer.armv7.o)
                0x000000000002640c                blinking_enabled
 .data          0x0000000000026410        0x0 drivers/i2c/i2c.armv7.a(i2c.armv7.o)
 .data          0x0000000000026410        0x0 drivers/gpio/gpio.armv7.a(gpio.armv7.o)
 .data          0x0000000000026410        0x0 drivers/serial/serial.armv7.a(pl011_uart.armv7.o)
 .data          0x0000000000026410        0x0 drivers/serial/serial.armv7.a(mini_uart.armv7.o)
 .data          0x0000000000026410        0x0 memory/memory-armv7.a(memory.armv7.o)
 .data          0x0000000000026410        0x0 memory/memory-armv7.a(armv7-mmu.o)
 .data          0x0000000000026410        0x0 processes/processes-armv7.a(process.armv7.o)
 .data          0x0000000000026410        0x0 processes/processes-armv7.a(exec.armv7.o)
 .data          0x0000000000026410        0x0 processes/processes-armv7.a(idle_task.armv7.o)
 .data          0x0000000000026410        0x4 processes/processes-armv7.a(scheduler.armv7.o)
                0x0000000000026410                scheduling_enabled
 .data          0x0000000000026414        0x0 processes/processes-armv7.a(userspace.armv7.o)
 .data          0x0000000000026414        0x0 processes/processes-armv7.a(vfork.armv7.o)
 .data          0x0000000000026414        0x0 processes/processes-armv7.a(waitpid.armv7.o)
 .data          0x0000000000026414        0x0 processes/processes-armv7.a(waitqueue.armv7.o)
 .data          0x0000000000026414        0x0 debug/debug-armv7.a(panic.armv7.o)
 .data          0x0000000000026414        0x0 time/time-armv7.a(time.armv7.o)
 .data          0x0000000000026414        0x0 lib/lib-armv7.a(memcpy.armv7.o)
 .data          0x0000000000026414        0x0 lib/lib-armv7.a(memset.armv7.o)
 .data          0x0000000000026414        0x0 lib/lib-armv7.a(printk.armv7.o)
 .data          0x0000000000026414        0x0 lib/lib-armv7.a(string.armv7.o)

.igot.plt       0x0000000000026414        0x0
 .igot.plt      0x0000000000026414        0x0 kernel_main.armv7.o
                0x0000000000027000                . = ALIGN (0x1000)
                0x0000000000027000                __data_end = .
                0x0000000000027000                __bss_start = .

.bss            0x0000000000028000    0x10014
                0x0000000000028000                bss = .
 *(.bss)
 .bss           0x0000000000028000        0x0 kernel_main.armv7.o
 .bss           0x0000000000028000        0x0 boot/boot-armv7.a(boot-armv7.o)
 .bss           0x0000000000028000      0x410 boot/boot-armv7.a(hardware_detect.armv7.o)
                0x0000000000028408                io_base
                0x000000000002840c                act_led_gpio
 .bss           0x0000000000028410       0x2c boot/boot-armv7.a(device_tree.armv7.o)
                0x0000000000028410                device_tree
 .bss           0x000000000002843c        0x0 interrupts/interrupts-armv7.a(interrupts.armv7.o)
 .bss           0x000000000002843c        0x0 interrupts/interrupts-armv7.a(irq_handler.armv7.o)
 .bss           0x000000000002843c        0x4 interrupts/interrupts-armv7.a(gic-400.armv7.o)
                0x000000000002843c                num_interrupts
 .bss           0x0000000000028440        0x0 syscalls/syscalls-armv7.a(swi_handler.armv7.o)
 .bss           0x0000000000028440        0x0 syscalls/syscalls-armv7.a(syscalls.armv7.o)
 .bss           0x0000000000028440        0x0 syscalls/syscalls-armv7.a(exit.armv7.o)
 .bss           0x0000000000028440        0x0 syscalls/syscalls-armv7.a(nanosleep.armv7.o)
 .bss           0x0000000000028440        0x0 syscalls/syscalls-armv7.a(sysinfo.armv7.o)
 .bss           0x0000000000028440        0x0 syscalls/syscalls-armv7.a(times.armv7.o)
 .bss           0x0000000000028440        0x0 syscalls/syscalls-armv7.a(uname.armv7.o)
 .bss           0x0000000000028440      0x1c4 fs/files.armv7.o
                0x0000000000028440                fd_table
                0x00000000000285c4                superblock_table
 .bss           0x0000000000028604        0x0 fs/romfs/romfs-armv7.a(romfs.armv7.o)
 .bss           0x0000000000028604        0x0 drivers/drivers.armv7.o
 .bss           0x0000000000028604        0x0 drivers/bcm2835/bcm2835.armv7.a(bcm2835_io.armv7.o)
 .bss           0x0000000000028604        0xc drivers/block/block.armv7.a(ramdisk.armv7.o)
                0x0000000000028604                ramdisk_info
 .bss           0x0000000000028610      0x114 drivers/console/console.armv7.a(console_io.armv7.o)
                0x0000000000028718                console_wait_queue
                0x000000000002871c                console_read_mutex
                0x0000000000028720                console_write_mutex
 .bss           0x0000000000028724        0x4 drivers/led/led.armv7.a(led.armv7.o)
 .bss           0x0000000000028728       0x28 drivers/serial/serial.armv7.a(serial.armv7.o)
 .bss           0x0000000000028750       0x10 drivers/timer/timer.armv7.a(sp804_timer.armv7.o)
                0x0000000000028750                tick_counter
 .bss           0x0000000000028760        0x0 drivers/i2c/i2c.armv7.a(i2c.armv7.o)
 .bss           0x0000000000028760        0x8 drivers/gpio/gpio.armv7.a(gpio.armv7.o)
 .bss           0x0000000000028768        0x0 drivers/serial/serial.armv7.a(pl011_uart.armv7.o)
 .bss           0x0000000000028768        0x0 drivers/serial/serial.armv7.a(mini_uart.armv7.o)
 .bss           0x0000000000028768     0x800c memory/memory-armv7.a(memory.armv7.o)
 *fill*         0x0000000000030774     0x388c 
 .bss           0x0000000000034000     0x4000 memory/memory-armv7.a(armv7-mmu.o)
                0x0000000000034000                page_table
 .bss           0x0000000000038000       0x10 processes/processes-armv7.a(process.armv7.o)
                0x0000000000038000                proc_first
                0x0000000000038008                current_process
                0x000000000003800c                userspace_started
 .bss           0x0000000000038010        0x0 processes/processes-armv7.a(exec.armv7.o)
 .bss           0x0000000000038010        0x0 processes/processes-armv7.a(idle_task.armv7.o)
 .bss           0x0000000000038010        0x0 processes/processes-armv7.a(scheduler.armv7.o)
 .bss           0x0000000000038010        0x0 processes/processes-armv7.a(userspace.armv7.o)
 .bss           0x0000000000038010        0x0 processes/processes-armv7.a(vfork.armv7.o)
 .bss           0x0000000000038010        0x4 processes/processes-armv7.a(waitpid.armv7.o)
                0x0000000000038010                waitpid_wait_queue
 .bss           0x0000000000038014        0x0 processes/processes-armv7.a(waitqueue.armv7.o)
 .bss           0x0000000000038014        0x0 debug/debug-armv7.a(panic.armv7.o)
 .bss           0x0000000000038014        0x0 time/time-armv7.a(time.armv7.o)
 .bss           0x0000000000038014        0x0 lib/lib-armv7.a(memcpy.armv7.o)
 .bss           0x0000000000038014        0x0 lib/lib-armv7.a(memset.armv7.o)
 .bss           0x0000000000038014        0x0 lib/lib-armv7.a(printk.armv7.o)
 .bss           0x0000000000038014        0x0 lib/lib-armv7.a(string.armv7.o)
                0x0000000000039000                . = ALIGN (0x1000)
                0x0000000000039000                __bss_end = .
                0x0000000000039000                __end = .
LOAD kernel_main.armv7.o
LOAD boot/boot-armv7.a
LOAD interrupts/interrupts-armv7.a
LOAD syscalls/syscalls-armv7.a
LOAD fs/fs-armv7.a
LOAD drivers/drivers-armv7.a
LOAD memory/memory-armv7.a
LOAD processes/processes-armv7.a
LOAD debug/debug-armv7.a
LOAD time/time-armv7.a
LOAD lib/lib-armv7.a
OUTPUT(kernel7.elf elf32-littlearm)
LOAD linker stubs

.comment        0x0000000000000000       0x33
 .comment       0x0000000000000000       0x33 kernel_main.armv7.o
                                         0x34 (size before relaxing)
 .comment       0x0000000000000033       0x34 boot/boot-armv7.a(hardware_detect.armv7.o)
 .comment       0x0000000000000033       0x34 boot/boot-armv7.a(device_tree.armv7.o)
 .comment       0x0000000000000033       0x34 interrupts/interrupts-armv7.a(interrupts.armv7.o)
 .comment       0x0000000000000033       0x34 interrupts/interrupts-armv7.a(gic-400.armv7.o)
 .comment       0x0000000000000033       0x34 syscalls/syscalls-armv7.a(syscalls.armv7.o)
 .comment       0x0000000000000033       0x34 syscalls/syscalls-armv7.a(exit.armv7.o)
 .comment       0x0000000000000033       0x34 syscalls/syscalls-armv7.a(nanosleep.armv7.o)
 .comment       0x0000000000000033       0x34 syscalls/syscalls-armv7.a(sysinfo.armv7.o)
 .comment       0x0000000000000033       0x34 syscalls/syscalls-armv7.a(times.armv7.o)
 .comment       0x0000000000000033       0x34 syscalls/syscalls-armv7.a(uname.armv7.o)
 .comment       0x0000000000000033       0x34 fs/files.armv7.o
 .comment       0x0000000000000033       0x34 fs/romfs/romfs-armv7.a(romfs.armv7.o)
 .comment       0x0000000000000033       0x34 drivers/drivers.armv7.o
 .comment       0x0000000000000033       0x34 drivers/bcm2835/bcm2835.armv7.a(bcm2835_io.armv7.o)
 .comment       0x0000000000000033       0x34 drivers/block/block.armv7.a(ramdisk.armv7.o)
 .comment       0x0000000000000033       0x34 drivers/console/console.armv7.a(console_io.armv7.o)
 .comment       0x0000000000000033       0x34 drivers/led/led.armv7.a(led.armv7.o)
 .comment       0x0000000000000033       0x34 drivers/serial/serial.armv7.a(serial.armv7.o)
 .comment       0x0000000000000033       0x34 drivers/timer/timer.armv7.a(sp804_timer.armv7.o)
 .comment       0x0000000000000033       0x34 drivers/i2c/i2c.armv7.a(i2c.armv7.o)
 .comment       0x0000000000000033       0x34 drivers/gpio/gpio.armv7.a(gpio.armv7.o)
 .comment       0x0000000000000033       0x34 drivers/serial/serial.armv7.a(pl011_uart.armv7.o)
 .comment       0x0000000000000033       0x34 drivers/serial/serial.armv7.a(mini_uart.armv7.o)
 .comment       0x0000000000000033       0x34 memory/memory-armv7.a(memory.armv7.o)
 .comment       0x0000000000000033       0x34 memory/memory-armv7.a(armv7-mmu.o)
 .comment       0x0000000000000033       0x34 processes/processes-armv7.a(process.armv7.o)
 .comment       0x0000000000000033       0x34 processes/processes-armv7.a(exec.armv7.o)
 .comment       0x0000000000000033       0x34 processes/processes-armv7.a(idle_task.armv7.o)
 .comment       0x0000000000000033       0x34 processes/processes-armv7.a(scheduler.armv7.o)
 .comment       0x0000000000000033       0x34 processes/processes-armv7.a(userspace.armv7.o)
 .comment       0x0000000000000033       0x34 processes/processes-armv7.a(vfork.armv7.o)
 .comment       0x0000000000000033       0x34 processes/processes-armv7.a(waitpid.armv7.o)
 .comment       0x0000000000000033       0x34 processes/processes-armv7.a(waitqueue.armv7.o)
 .comment       0x0000000000000033       0x34 debug/debug-armv7.a(panic.armv7.o)
 .comment       0x0000000000000033       0x34 time/time-armv7.a(time.armv7.o)
 .comment       0x0000000000000033       0x34 lib/lib-armv7.a(memcpy.armv7.o)
 .comment       0x0000000000000033       0x34 lib/lib-armv7.a(memset.armv7.o)
 .comment       0x0000000000000033       0x34 lib/lib-armv7.a(printk.armv7.o)
 .comment       0x0000000000000033       0x34 lib/lib-armv7.a(string.armv7.o)

.ARM.attributes
                0x0000000000000000       0x39
 .ARM.attributes
                0x0000000000000000       0x2f kernel_main.armv7.o
 .ARM.attributes
                0x000000000000002f       0x29 boot/boot-armv7.a(boot-armv7.o)
 .ARM.attributes
                0x0000000000000058       0x35 boot/boot-armv7.a(hardware_detect.armv7.o)
 .ARM.attributes
                0x000000000000008d       0x35 boot/boot-armv7.a(device_tree.armv7.o)
 .ARM.attributes
                0x00000000000000c2       0x35 interrupts/interrupts-armv7.a(interrupts.armv7.o)
 .ARM.attributes
                0x00000000000000f7       0x29 interrupts/interrupts-armv7.a(irq_handler.armv7.o)
 .ARM.attributes
                0x0000000000000120       0x35 interrupts/interrupts-armv7.a(gic-400.armv7.o)
 .ARM.attributes
                0x0000000000000155       0x29 syscalls/syscalls-armv7.a(swi_handler.armv7.o)
 .ARM.attributes
                0x000000000000017e       0x35 syscalls/syscalls-armv7.a(syscalls.armv7.o)
 .ARM.attributes
                0x00000000000001b3       0x35 syscalls/syscalls-armv7.a(exit.armv7.o)
 .ARM.attributes
                0x00000000000001e8       0x35 syscalls/syscalls-armv7.a(nanosleep.armv7.o)
 .ARM.attributes
                0x000000000000021d       0x35 syscalls/syscalls-armv7.a(sysinfo.armv7.o)
 .ARM.attributes
                0x0000000000000252       0x35 syscalls/syscalls-armv7.a(times.armv7.o)
 .ARM.attributes
                0x0000000000000287       0x35 syscalls/syscalls-armv7.a(uname.armv7.o)
 .ARM.attributes
                0x00000000000002bc       0x35 fs/files.armv7.o
 .ARM.attributes
                0x00000000000002f1       0x35 fs/romfs/romfs-armv7.a(romfs.armv7.o)
 .ARM.attributes
                0x0000000000000326       0x35 drivers/drivers.armv7.o
 .ARM.attributes
                0x000000000000035b       0x35 drivers/bcm2835/bcm2835.armv7.a(bcm2835_io.armv7.o)
 .ARM.attributes
                0x0000000000000390       0x35 drivers/block/block.armv7.a(ramdisk.armv7.o)
 .ARM.attributes
                0x00000000000003c5       0x35 drivers/console/console.armv7.a(console_io.armv7.o)
 .ARM.attributes
                0x00000000000003fa       0x35 drivers/led/led.armv7.a(led.armv7.o)
 .ARM.attributes
                0x000000000000042f       0x35 drivers/serial/serial.armv7.a(serial.armv7.o)
 .ARM.attributes
                0x0000000000000464       0x35 drivers/timer/timer.armv7.a(sp804_timer.armv7.o)
 .ARM.attributes
                0x0000000000000499       0x35 drivers/i2c/i2c.armv7.a(i2c.armv7.o)
 .ARM.attributes
                0x00000000000004ce       0x35 drivers/gpio/gpio.armv7.a(gpio.armv7.o)
 .ARM.attributes
                0x0000000000000503       0x35 drivers/serial/serial.armv7.a(pl011_uart.armv7.o)
 .ARM.attributes
                0x0000000000000538       0x35 drivers/serial/serial.armv7.a(mini_uart.armv7.o)
 .ARM.attributes
                0x000000000000056d       0x35 memory/memory-armv7.a(memory.armv7.o)
 .ARM.attributes
                0x00000000000005a2       0x35 memory/memory-armv7.a(armv7-mmu.o)
 .ARM.attributes
                0x00000000000005d7       0x35 processes/processes-armv7.a(process.armv7.o)
 .ARM.attributes
                0x000000000000060c       0x35 processes/processes-armv7.a(exec.armv7.o)
 .ARM.attributes
                0x0000000000000641       0x35 processes/processes-armv7.a(idle_task.armv7.o)
 .ARM.attributes
                0x0000000000000676       0x35 processes/processes-armv7.a(scheduler.armv7.o)
 .ARM.attributes
                0x00000000000006ab       0x35 processes/processes-armv7.a(userspace.armv7.o)
 .ARM.attributes
                0x00000000000006e0       0x2f processes/processes-armv7.a(vfork.armv7.o)
 .ARM.attributes
                0x000000000000070f       0x2f processes/processes-armv7.a(waitpid.armv7.o)
 .ARM.attributes
                0x000000000000073e       0x2f processes/processes-armv7.a(waitqueue.armv7.o)
 .ARM.attributes
                0x000000000000076d       0x35 debug/debug-armv7.a(panic.armv7.o)
 .ARM.attributes
                0x00000000000007a2       0x35 time/time-armv7.a(time.armv7.o)
 .ARM.attributes
                0x00000000000007d7       0x35 lib/lib-armv7.a(memcpy.armv7.o)
 .ARM.attributes
                0x000000000000080c       0x35 lib/lib-armv7.a(memset.armv7.o)
 .ARM.attributes
                0x0000000000000841       0x35 lib/lib-armv7.a(printk.armv7.o)
 .ARM.attributes
                0x0000000000000876       0x35 lib/lib-armv7.a(string.armv7.o)
